Analysis & Synthesis report for top_level
Thu Mar  2 14:02:54 2023
Quartus Prime Version 21.1.1 Build 850 06/23/2022 SJ Lite Edition


---------------------
; Table of Contents ;
---------------------
  1. Legal Notice
  2. Analysis & Synthesis Summary
  3. Analysis & Synthesis Settings
  4. Parallel Compilation
  5. Analysis & Synthesis Source Files Read
  6. Analysis & Synthesis Resource Usage Summary
  7. Analysis & Synthesis Resource Utilization by Entity
  8. General Register Statistics
  9. Parameter Settings for User Entity Instance: Top-level Entity: |top_level
 10. Parameter Settings for User Entity Instance: PC:pc1
 11. Parameter Settings for User Entity Instance: PC_Controller:pc1_ctrl
 12. Parameter Settings for User Entity Instance: instr_ROM:instructions
 13. Parameter Settings for User Entity Instance: immediate_ctrl:immediate_ctrl1
 14. Parameter Settings for User Entity Instance: reg_file:rf1
 15. Port Connectivity Checks: "mux_2x1:reg_wr_mux"
 16. Port Connectivity Checks: "reg_file:rf1"
 17. Post-Synthesis Netlist Statistics for Top Partition
 18. Elapsed Time Per Partition
 19. Analysis & Synthesis Messages



----------------
; Legal Notice ;
----------------
Copyright (C) 2022  Intel Corporation. All rights reserved.
Your use of Intel Corporation's design tools, logic functions 
and other software and tools, and any partner logic 
functions, and any output files from any of the foregoing 
(including device programming or simulation files), and any 
associated documentation or information are expressly subject 
to the terms and conditions of the Intel Program License 
Subscription Agreement, the Intel Quartus Prime License Agreement,
the Intel FPGA IP License Agreement, or other applicable license
agreement, including, without limitation, that your use is for
the sole purpose of programming logic devices manufactured by
Intel and sold by Intel or its authorized distributors.  Please
refer to the applicable agreement for further details, at
https://fpgasoftware.intel.com/eula.



+----------------------------------------------------------------------------------+
; Analysis & Synthesis Summary                                                     ;
+------------------------------------+---------------------------------------------+
; Analysis & Synthesis Status        ; Successful - Thu Mar  2 14:02:54 2023       ;
; Quartus Prime Version              ; 21.1.1 Build 850 06/23/2022 SJ Lite Edition ;
; Revision Name                      ; top_level                                   ;
; Top-level Entity Name              ; top_level                                   ;
; Family                             ; Cyclone IV E                                ;
; Total logic elements               ; 0                                           ;
;     Total combinational functions  ; 0                                           ;
;     Dedicated logic registers      ; 0                                           ;
; Total registers                    ; 0                                           ;
; Total pins                         ; 4                                           ;
; Total virtual pins                 ; 0                                           ;
; Total memory bits                  ; 0                                           ;
; Embedded Multiplier 9-bit elements ; 0                                           ;
; Total PLLs                         ; 0                                           ;
+------------------------------------+---------------------------------------------+


+------------------------------------------------------------------------------------------------------------+
; Analysis & Synthesis Settings                                                                              ;
+------------------------------------------------------------------+--------------------+--------------------+
; Option                                                           ; Setting            ; Default Value      ;
+------------------------------------------------------------------+--------------------+--------------------+
; Device                                                           ; EP4CE40F29C6       ;                    ;
; Top-level entity name                                            ; top_level          ; top_level          ;
; Family name                                                      ; Cyclone IV E       ; Cyclone V          ;
; Use smart compilation                                            ; Off                ; Off                ;
; Enable parallel Assembler and Timing Analyzer during compilation ; On                 ; On                 ;
; Enable compact report table                                      ; Off                ; Off                ;
; Restructure Multiplexers                                         ; Auto               ; Auto               ;
; Create Debugging Nodes for IP Cores                              ; Off                ; Off                ;
; Preserve fewer node names                                        ; On                 ; On                 ;
; Intel FPGA IP Evaluation Mode                                    ; Enable             ; Enable             ;
; Verilog Version                                                  ; Verilog_2001       ; Verilog_2001       ;
; VHDL Version                                                     ; VHDL_1993          ; VHDL_1993          ;
; State Machine Processing                                         ; Auto               ; Auto               ;
; Safe State Machine                                               ; Off                ; Off                ;
; Extract Verilog State Machines                                   ; On                 ; On                 ;
; Extract VHDL State Machines                                      ; On                 ; On                 ;
; Ignore Verilog initial constructs                                ; Off                ; Off                ;
; Iteration limit for constant Verilog loops                       ; 5000               ; 5000               ;
; Iteration limit for non-constant Verilog loops                   ; 250                ; 250                ;
; Add Pass-Through Logic to Inferred RAMs                          ; On                 ; On                 ;
; Infer RAMs from Raw Logic                                        ; On                 ; On                 ;
; Parallel Synthesis                                               ; On                 ; On                 ;
; DSP Block Balancing                                              ; Auto               ; Auto               ;
; NOT Gate Push-Back                                               ; On                 ; On                 ;
; Power-Up Don't Care                                              ; On                 ; On                 ;
; Remove Redundant Logic Cells                                     ; Off                ; Off                ;
; Remove Duplicate Registers                                       ; On                 ; On                 ;
; Ignore CARRY Buffers                                             ; Off                ; Off                ;
; Ignore CASCADE Buffers                                           ; Off                ; Off                ;
; Ignore GLOBAL Buffers                                            ; Off                ; Off                ;
; Ignore ROW GLOBAL Buffers                                        ; Off                ; Off                ;
; Ignore LCELL Buffers                                             ; Off                ; Off                ;
; Ignore SOFT Buffers                                              ; On                 ; On                 ;
; Limit AHDL Integers to 32 Bits                                   ; Off                ; Off                ;
; Optimization Technique                                           ; Balanced           ; Balanced           ;
; Carry Chain Length                                               ; 70                 ; 70                 ;
; Auto Carry Chains                                                ; On                 ; On                 ;
; Auto Open-Drain Pins                                             ; On                 ; On                 ;
; Perform WYSIWYG Primitive Resynthesis                            ; Off                ; Off                ;
; Auto ROM Replacement                                             ; On                 ; On                 ;
; Auto RAM Replacement                                             ; On                 ; On                 ;
; Auto DSP Block Replacement                                       ; On                 ; On                 ;
; Auto Shift Register Replacement                                  ; Auto               ; Auto               ;
; Allow Shift Register Merging across Hierarchies                  ; Auto               ; Auto               ;
; Auto Clock Enable Replacement                                    ; On                 ; On                 ;
; Strict RAM Replacement                                           ; Off                ; Off                ;
; Allow Synchronous Control Signals                                ; On                 ; On                 ;
; Force Use of Synchronous Clear Signals                           ; Off                ; Off                ;
; Auto RAM Block Balancing                                         ; On                 ; On                 ;
; Auto RAM to Logic Cell Conversion                                ; Off                ; Off                ;
; Auto Resource Sharing                                            ; Off                ; Off                ;
; Allow Any RAM Size For Recognition                               ; Off                ; Off                ;
; Allow Any ROM Size For Recognition                               ; Off                ; Off                ;
; Allow Any Shift Register Size For Recognition                    ; Off                ; Off                ;
; Use LogicLock Constraints during Resource Balancing              ; On                 ; On                 ;
; Ignore translate_off and synthesis_off directives                ; Off                ; Off                ;
; Timing-Driven Synthesis                                          ; On                 ; On                 ;
; Report Parameter Settings                                        ; On                 ; On                 ;
; Report Source Assignments                                        ; On                 ; On                 ;
; Report Connectivity Checks                                       ; On                 ; On                 ;
; Ignore Maximum Fan-Out Assignments                               ; Off                ; Off                ;
; Synchronization Register Chain Length                            ; 2                  ; 2                  ;
; Power Optimization During Synthesis                              ; Normal compilation ; Normal compilation ;
; HDL message level                                                ; Level2             ; Level2             ;
; Suppress Register Optimization Related Messages                  ; Off                ; Off                ;
; Number of Removed Registers Reported in Synthesis Report         ; 5000               ; 5000               ;
; Number of Swept Nodes Reported in Synthesis Report               ; 5000               ; 5000               ;
; Number of Inverted Registers Reported in Synthesis Report        ; 100                ; 100                ;
; Clock MUX Protection                                             ; On                 ; On                 ;
; Auto Gated Clock Conversion                                      ; Off                ; Off                ;
; Block Design Naming                                              ; Auto               ; Auto               ;
; SDC constraint protection                                        ; Off                ; Off                ;
; Synthesis Effort                                                 ; Auto               ; Auto               ;
; Shift Register Replacement - Allow Asynchronous Clear Signal     ; On                 ; On                 ;
; Pre-Mapping Resynthesis Optimization                             ; Off                ; Off                ;
; Analysis & Synthesis Message Level                               ; Medium             ; Medium             ;
; Disable Register Merging Across Hierarchies                      ; Auto               ; Auto               ;
; Resource Aware Inference For Block RAM                           ; On                 ; On                 ;
+------------------------------------------------------------------+--------------------+--------------------+


+------------------------------------------+
; Parallel Compilation                     ;
+----------------------------+-------------+
; Processors                 ; Number      ;
+----------------------------+-------------+
; Number detected on machine ; 6           ;
; Maximum allowed            ; 6           ;
;                            ;             ;
; Average used               ; 1.00        ;
; Maximum used               ; 1           ;
;                            ;             ;
; Usage by Processor         ; % Time Used ;
;     Processor 1            ; 100.0%      ;
+----------------------------+-------------+


+----------------------------------------------------------------------------------------------------------------------------------------------------------------------------------+
; Analysis & Synthesis Source Files Read                                                                                                                                           ;
+----------------------------------+-----------------+------------------------------+------------------------------------------------------------------------------------+---------+
; File Name with User-Entered Path ; Used in Netlist ; File Type                    ; File Name with Absolute Path                                                       ; Library ;
+----------------------------------+-----------------+------------------------------+------------------------------------------------------------------------------------+---------+
; ../src/machine_code.txt          ; yes             ; User File                    ; C:/Users/ruhu/Desktop/CSE141LTermProject/SystemVerilog/src/machine_code.txt        ;         ;
; ../src/top_level.sv              ; yes             ; User SystemVerilog HDL File  ; C:/Users/ruhu/Desktop/CSE141LTermProject/SystemVerilog/src/top_level.sv            ;         ;
; ../src/reg_file.sv               ; yes             ; User SystemVerilog HDL File  ; C:/Users/ruhu/Desktop/CSE141LTermProject/SystemVerilog/src/reg_file.sv             ;         ;
; ../src/PC_Controller.sv          ; yes             ; User SystemVerilog HDL File  ; C:/Users/ruhu/Desktop/CSE141LTermProject/SystemVerilog/src/PC_Controller.sv        ;         ;
; ../src/PC.sv                     ; yes             ; User SystemVerilog HDL File  ; C:/Users/ruhu/Desktop/CSE141LTermProject/SystemVerilog/src/PC.sv                   ;         ;
; ../src/MUX2x1.sv                 ; yes             ; User SystemVerilog HDL File  ; C:/Users/ruhu/Desktop/CSE141LTermProject/SystemVerilog/src/MUX2x1.sv               ;         ;
; ../src/instr_ROM.sv              ; yes             ; User SystemVerilog HDL File  ; C:/Users/ruhu/Desktop/CSE141LTermProject/SystemVerilog/src/instr_ROM.sv            ;         ;
; ../src/immediate_Controller.sv   ; yes             ; User SystemVerilog HDL File  ; C:/Users/ruhu/Desktop/CSE141LTermProject/SystemVerilog/src/immediate_Controller.sv ;         ;
; ../src/decoder.sv                ; yes             ; User SystemVerilog HDL File  ; C:/Users/ruhu/Desktop/CSE141LTermProject/SystemVerilog/src/decoder.sv              ;         ;
; ../src/dat_mem.sv                ; yes             ; User SystemVerilog HDL File  ; C:/Users/ruhu/Desktop/CSE141LTermProject/SystemVerilog/src/dat_mem.sv              ;         ;
; ../src/Control.sv                ; yes             ; User SystemVerilog HDL File  ; C:/Users/ruhu/Desktop/CSE141LTermProject/SystemVerilog/src/Control.sv              ;         ;
; ../src/alu.sv                    ; yes             ; User SystemVerilog HDL File  ; C:/Users/ruhu/Desktop/CSE141LTermProject/SystemVerilog/src/alu.sv                  ;         ;
+----------------------------------+-----------------+------------------------------+------------------------------------------------------------------------------------+---------+


+-----------------------------------------------------+
; Analysis & Synthesis Resource Usage Summary         ;
+---------------------------------------------+-------+
; Resource                                    ; Usage ;
+---------------------------------------------+-------+
;                                             ;       ;
; Total combinational functions               ; 0     ;
; Logic element usage by number of LUT inputs ;       ;
;     -- 4 input functions                    ; 0     ;
;     -- 3 input functions                    ; 0     ;
;     -- <=2 input functions                  ; 0     ;
;                                             ;       ;
; Logic elements by mode                      ;       ;
;     -- normal mode                          ; 0     ;
;     -- arithmetic mode                      ; 0     ;
;                                             ;       ;
; Total registers                             ; 0     ;
;     -- Dedicated logic registers            ; 0     ;
;     -- I/O registers                        ; 0     ;
;                                             ;       ;
; I/O pins                                    ; 4     ;
;                                             ;       ;
; Embedded Multiplier 9-bit elements          ; 0     ;
;                                             ;       ;
; Maximum fan-out node                        ; clk   ;
; Maximum fan-out                             ; 1     ;
; Total fan-out                               ; 4     ;
; Average fan-out                             ; 0.50  ;
+---------------------------------------------+-------+


+----------------------------------------------------------------------------------------------------------------------------------------------------------------------------------------------------------+
; Analysis & Synthesis Resource Utilization by Entity                                                                                                                                                      ;
+----------------------------+---------------------+---------------------------+-------------+--------------+---------+-----------+------+--------------+---------------------+-------------+--------------+
; Compilation Hierarchy Node ; Combinational ALUTs ; Dedicated Logic Registers ; Memory Bits ; DSP Elements ; DSP 9x9 ; DSP 18x18 ; Pins ; Virtual Pins ; Full Hierarchy Name ; Entity Name ; Library Name ;
+----------------------------+---------------------+---------------------------+-------------+--------------+---------+-----------+------+--------------+---------------------+-------------+--------------+
; |top_level                 ; 0 (0)               ; 0 (0)                     ; 0           ; 0            ; 0       ; 0         ; 4    ; 0            ; |top_level          ; top_level   ; work         ;
+----------------------------+---------------------+---------------------------+-------------+--------------+---------+-----------+------+--------------+---------------------+-------------+--------------+
Note: For table entries with two numbers listed, the numbers in parentheses indicate the number of resources of the given type used by the specific entity alone. The numbers listed outside of parentheses indicate the total resources of the given type used by the specific entity and all of its sub-entities in the hierarchy.


+------------------------------------------------------+
; General Register Statistics                          ;
+----------------------------------------------+-------+
; Statistic                                    ; Value ;
+----------------------------------------------+-------+
; Total registers                              ; 0     ;
; Number of registers using Synchronous Clear  ; 0     ;
; Number of registers using Synchronous Load   ; 0     ;
; Number of registers using Asynchronous Clear ; 0     ;
; Number of registers using Asynchronous Load  ; 0     ;
; Number of registers using Clock Enable       ; 0     ;
; Number of registers using Preset             ; 0     ;
+----------------------------------------------+-------+


+---------------------------------------------------------------------------+
; Parameter Settings for User Entity Instance: Top-level Entity: |top_level ;
+----------------+-------+--------------------------------------------------+
; Parameter Name ; Value ; Type                                             ;
+----------------+-------+--------------------------------------------------+
; D              ; 12    ; Signed Integer                                   ;
+----------------+-------+--------------------------------------------------+
Note: In order to hide this table in the UI and the text report file, please set the "Show Parameter Settings in Synthesis Report" option in "Analysis and Synthesis Settings -> More Settings" to "Off".


+-----------------------------------------------------+
; Parameter Settings for User Entity Instance: PC:pc1 ;
+----------------+-------+----------------------------+
; Parameter Name ; Value ; Type                       ;
+----------------+-------+----------------------------+
; D              ; 12    ; Signed Integer             ;
+----------------+-------+----------------------------+
Note: In order to hide this table in the UI and the text report file, please set the "Show Parameter Settings in Synthesis Report" option in "Analysis and Synthesis Settings -> More Settings" to "Off".


+---------------------------------------------------------------------+
; Parameter Settings for User Entity Instance: PC_Controller:pc1_ctrl ;
+----------------+-------+--------------------------------------------+
; Parameter Name ; Value ; Type                                       ;
+----------------+-------+--------------------------------------------+
; D              ; 12    ; Signed Integer                             ;
+----------------+-------+--------------------------------------------+
Note: In order to hide this table in the UI and the text report file, please set the "Show Parameter Settings in Synthesis Report" option in "Analysis and Synthesis Settings -> More Settings" to "Off".


+---------------------------------------------------------------------+
; Parameter Settings for User Entity Instance: instr_ROM:instructions ;
+----------------+-------+--------------------------------------------+
; Parameter Name ; Value ; Type                                       ;
+----------------+-------+--------------------------------------------+
; D              ; 12    ; Signed Integer                             ;
+----------------+-------+--------------------------------------------+
Note: In order to hide this table in the UI and the text report file, please set the "Show Parameter Settings in Synthesis Report" option in "Analysis and Synthesis Settings -> More Settings" to "Off".


+-----------------------------------------------------------------------------+
; Parameter Settings for User Entity Instance: immediate_ctrl:immediate_ctrl1 ;
+----------------+-------+----------------------------------------------------+
; Parameter Name ; Value ; Type                                               ;
+----------------+-------+----------------------------------------------------+
; width          ; 4     ; Signed Integer                                     ;
+----------------+-------+----------------------------------------------------+
Note: In order to hide this table in the UI and the text report file, please set the "Show Parameter Settings in Synthesis Report" option in "Analysis and Synthesis Settings -> More Settings" to "Off".


+-----------------------------------------------------------+
; Parameter Settings for User Entity Instance: reg_file:rf1 ;
+----------------+-------+----------------------------------+
; Parameter Name ; Value ; Type                             ;
+----------------+-------+----------------------------------+
; pw             ; 3     ; Signed Integer                   ;
+----------------+-------+----------------------------------+
Note: In order to hide this table in the UI and the text report file, please set the "Show Parameter Settings in Synthesis Report" option in "Analysis and Synthesis Settings -> More Settings" to "Off".


+------------------------------------------------------------------------------------------------------------------------------------------------------------------------+
; Port Connectivity Checks: "mux_2x1:reg_wr_mux"                                                                                                                         ;
+------+--------+----------+---------------------------------------------------------------------------------------------------------------------------------------------+
; Port ; Type   ; Severity ; Details                                                                                                                                     ;
+------+--------+----------+---------------------------------------------------------------------------------------------------------------------------------------------+
; in1  ; Input  ; Warning  ; Input port expression (2 bits) is smaller than the input port (8 bits) it drives.  Extra input bit(s) "in1[7..2]" will be connected to GND. ;
; in2  ; Input  ; Warning  ; Input port expression (2 bits) is smaller than the input port (8 bits) it drives.  Extra input bit(s) "in2[7..2]" will be connected to GND. ;
; in2  ; Input  ; Info     ; Stuck at GND                                                                                                                                ;
; out  ; Output ; Warning  ; Output or bidir port (8 bits) is wider than the port expression (2 bits) it drives; bit(s) "out[7..2]" have no fanouts                      ;
+------+--------+----------+---------------------------------------------------------------------------------------------------------------------------------------------+


+--------------------------------------------------------------------------------------------------------------------------------------------------------------------------------+
; Port Connectivity Checks: "reg_file:rf1"                                                                                                                                       ;
+----------+-------+----------+--------------------------------------------------------------------------------------------------------------------------------------------------+
; Port     ; Type  ; Severity ; Details                                                                                                                                          ;
+----------+-------+----------+--------------------------------------------------------------------------------------------------------------------------------------------------+
; rd_addrA ; Input ; Warning  ; Input port expression (2 bits) is smaller than the input port (4 bits) it drives.  Extra input bit(s) "rd_addrA[3..2]" will be connected to GND. ;
; rd_addrB ; Input ; Warning  ; Input port expression (2 bits) is smaller than the input port (4 bits) it drives.  Extra input bit(s) "rd_addrB[3..2]" will be connected to GND. ;
; wr_addr  ; Input ; Warning  ; Input port expression (2 bits) is smaller than the input port (4 bits) it drives.  Extra input bit(s) "wr_addr[3..2]" will be connected to GND.  ;
+----------+-------+----------+--------------------------------------------------------------------------------------------------------------------------------------------------+


+-----------------------------------------------------+
; Post-Synthesis Netlist Statistics for Top Partition ;
+-----------------------+-----------------------------+
; Type                  ; Count                       ;
+-----------------------+-----------------------------+
; boundary_port         ; 4                           ;
; cycloneiii_lcell_comb ; 1                           ;
;     normal            ; 1                           ;
;         0 data inputs ; 1                           ;
;                       ;                             ;
; Max LUT depth         ; 0.00                        ;
; Average LUT depth     ; 0.00                        ;
+-----------------------+-----------------------------+


+-------------------------------+
; Elapsed Time Per Partition    ;
+----------------+--------------+
; Partition Name ; Elapsed Time ;
+----------------+--------------+
; Top            ; 00:00:00     ;
+----------------+--------------+


+-------------------------------+
; Analysis & Synthesis Messages ;
+-------------------------------+
Info: *******************************************************************
Info: Running Quartus Prime Analysis & Synthesis
    Info: Version 21.1.1 Build 850 06/23/2022 SJ Lite Edition
    Info: Processing started: Thu Mar  2 14:02:43 2023
Info: Command: quartus_map --read_settings_files=on --write_settings_files=off top_level -c top_level
Warning (18236): Number of processors has not been specified which may cause overloading on shared machines.  Set the global assignment NUM_PARALLEL_PROCESSORS in your QSF to an appropriate value for best performance.
Info (20030): Parallel compilation is enabled and will use 6 of the 6 processors detected
Info (12021): Found 1 design units, including 1 entities, in source file /users/ruhu/desktop/cse141ltermproject/systemverilog/src/top_level.sv
    Info (12023): Found entity 1: top_level File: C:/Users/ruhu/Desktop/CSE141LTermProject/SystemVerilog/src/top_level.sv Line: 2
Info (12021): Found 1 design units, including 1 entities, in source file /users/ruhu/desktop/cse141ltermproject/systemverilog/src/reg_file.sv
    Info (12023): Found entity 1: reg_file File: C:/Users/ruhu/Desktop/CSE141LTermProject/SystemVerilog/src/reg_file.sv Line: 3
Info (12021): Found 1 design units, including 1 entities, in source file /users/ruhu/desktop/cse141ltermproject/systemverilog/src/pc_controller.sv
    Info (12023): Found entity 1: PC_Controller File: C:/Users/ruhu/Desktop/CSE141LTermProject/SystemVerilog/src/PC_Controller.sv Line: 1
Info (12021): Found 1 design units, including 1 entities, in source file /users/ruhu/desktop/cse141ltermproject/systemverilog/src/pc.sv
    Info (12023): Found entity 1: PC File: C:/Users/ruhu/Desktop/CSE141LTermProject/SystemVerilog/src/PC.sv Line: 4
Info (12021): Found 1 design units, including 1 entities, in source file /users/ruhu/desktop/cse141ltermproject/systemverilog/src/mux2x1.sv
    Info (12023): Found entity 1: mux_2x1 File: C:/Users/ruhu/Desktop/CSE141LTermProject/SystemVerilog/src/MUX2x1.sv Line: 1
Info (12021): Found 1 design units, including 1 entities, in source file /users/ruhu/desktop/cse141ltermproject/systemverilog/src/instr_rom.sv
    Info (12023): Found entity 1: instr_ROM File: C:/Users/ruhu/Desktop/CSE141LTermProject/SystemVerilog/src/instr_ROM.sv Line: 4
Info (12021): Found 1 design units, including 1 entities, in source file /users/ruhu/desktop/cse141ltermproject/systemverilog/src/immediate_controller.sv
    Info (12023): Found entity 1: immediate_ctrl File: C:/Users/ruhu/Desktop/CSE141LTermProject/SystemVerilog/src/immediate_Controller.sv Line: 1
Info (12021): Found 1 design units, including 1 entities, in source file /users/ruhu/desktop/cse141ltermproject/systemverilog/src/decoder.sv
    Info (12023): Found entity 1: decoderModule File: C:/Users/ruhu/Desktop/CSE141LTermProject/SystemVerilog/src/decoder.sv Line: 1
Info (12021): Found 1 design units, including 1 entities, in source file /users/ruhu/desktop/cse141ltermproject/systemverilog/src/dat_mem.sv
    Info (12023): Found entity 1: dat_mem File: C:/Users/ruhu/Desktop/CSE141LTermProject/SystemVerilog/src/dat_mem.sv Line: 2
Info (12021): Found 1 design units, including 1 entities, in source file /users/ruhu/desktop/cse141ltermproject/systemverilog/src/control.sv
    Info (12023): Found entity 1: Control File: C:/Users/ruhu/Desktop/CSE141LTermProject/SystemVerilog/src/Control.sv Line: 2
Info (12021): Found 1 design units, including 1 entities, in source file /users/ruhu/desktop/cse141ltermproject/systemverilog/src/alu.sv
    Info (12023): Found entity 1: alu File: C:/Users/ruhu/Desktop/CSE141LTermProject/SystemVerilog/src/alu.sv Line: 3
Info (12127): Elaborating entity "top_level" for the top level hierarchy
Warning (10034): Output port "done" at top_level.sv(4) has no driver File: C:/Users/ruhu/Desktop/CSE141LTermProject/SystemVerilog/src/top_level.sv Line: 4
Info (12128): Elaborating entity "PC" for hierarchy "PC:pc1" File: C:/Users/ruhu/Desktop/CSE141LTermProject/SystemVerilog/src/top_level.sv Line: 19
Warning (10230): Verilog HDL assignment warning at PC.sv(18): truncated value with size 32 to match size of target (12) File: C:/Users/ruhu/Desktop/CSE141LTermProject/SystemVerilog/src/PC.sv Line: 18
Info (12128): Elaborating entity "PC_Controller" for hierarchy "PC_Controller:pc1_ctrl" File: C:/Users/ruhu/Desktop/CSE141LTermProject/SystemVerilog/src/top_level.sv Line: 26
Warning (10034): Output port "target" at PC_Controller.sv(5) has no driver File: C:/Users/ruhu/Desktop/CSE141LTermProject/SystemVerilog/src/PC_Controller.sv Line: 5
Info (12128): Elaborating entity "instr_ROM" for hierarchy "instr_ROM:instructions" File: C:/Users/ruhu/Desktop/CSE141LTermProject/SystemVerilog/src/top_level.sv Line: 36
Warning (10850): Verilog HDL warning at instr_ROM.sv(10): number of words (0) in memory file does not match the number of elements in the address range [0:4095] File: C:/Users/ruhu/Desktop/CSE141LTermProject/SystemVerilog/src/instr_ROM.sv Line: 10
Warning (10030): Net "core.data_a" at instr_ROM.sv(8) has no driver or initial value, using a default initial value '0' File: C:/Users/ruhu/Desktop/CSE141LTermProject/SystemVerilog/src/instr_ROM.sv Line: 8
Warning (10030): Net "core.waddr_a" at instr_ROM.sv(8) has no driver or initial value, using a default initial value '0' File: C:/Users/ruhu/Desktop/CSE141LTermProject/SystemVerilog/src/instr_ROM.sv Line: 8
Warning (10030): Net "core.we_a" at instr_ROM.sv(8) has no driver or initial value, using a default initial value '0' File: C:/Users/ruhu/Desktop/CSE141LTermProject/SystemVerilog/src/instr_ROM.sv Line: 8
Info (12128): Elaborating entity "decoderModule" for hierarchy "decoderModule:dec1" File: C:/Users/ruhu/Desktop/CSE141LTermProject/SystemVerilog/src/top_level.sv Line: 43
Warning (10034): Output port "opcode" at decoder.sv(3) has no driver File: C:/Users/ruhu/Desktop/CSE141LTermProject/SystemVerilog/src/decoder.sv Line: 3
Warning (10034): Output port "operand1" at decoder.sv(4) has no driver File: C:/Users/ruhu/Desktop/CSE141LTermProject/SystemVerilog/src/decoder.sv Line: 4
Warning (10034): Output port "operand2" at decoder.sv(6) has no driver File: C:/Users/ruhu/Desktop/CSE141LTermProject/SystemVerilog/src/decoder.sv Line: 6
Info (12128): Elaborating entity "immediate_ctrl" for hierarchy "immediate_ctrl:immediate_ctrl1" File: C:/Users/ruhu/Desktop/CSE141LTermProject/SystemVerilog/src/top_level.sv Line: 55
Warning (10034): Output port "immediateValue" at immediate_Controller.sv(6) has no driver File: C:/Users/ruhu/Desktop/CSE141LTermProject/SystemVerilog/src/immediate_Controller.sv Line: 6
Info (12128): Elaborating entity "reg_file" for hierarchy "reg_file:rf1" File: C:/Users/ruhu/Desktop/CSE141LTermProject/SystemVerilog/src/top_level.sv Line: 72
Info (12128): Elaborating entity "mux_2x1" for hierarchy "mux_2x1:reg_dat_mux" File: C:/Users/ruhu/Desktop/CSE141LTermProject/SystemVerilog/src/top_level.sv Line: 79
Info (12128): Elaborating entity "alu" for hierarchy "alu:alu1" File: C:/Users/ruhu/Desktop/CSE141LTermProject/SystemVerilog/src/top_level.sv Line: 98
Warning (10034): Output port "rslt" at alu.sv(6) has no driver File: C:/Users/ruhu/Desktop/CSE141LTermProject/SystemVerilog/src/alu.sv Line: 6
Warning (10034): Output port "doBranch" at alu.sv(8) has no driver File: C:/Users/ruhu/Desktop/CSE141LTermProject/SystemVerilog/src/alu.sv Line: 8
Info (12128): Elaborating entity "dat_mem" for hierarchy "dat_mem:dm1" File: C:/Users/ruhu/Desktop/CSE141LTermProject/SystemVerilog/src/top_level.sv Line: 117
Info (12128): Elaborating entity "Control" for hierarchy "Control:ctrl1" File: C:/Users/ruhu/Desktop/CSE141LTermProject/SystemVerilog/src/top_level.sv Line: 132
Warning (10034): Output port "immOrLUT" at Control.sv(5) has no driver File: C:/Users/ruhu/Desktop/CSE141LTermProject/SystemVerilog/src/Control.sv Line: 5
Warning (10034): Output port "imm_ctr" at Control.sv(5) has no driver File: C:/Users/ruhu/Desktop/CSE141LTermProject/SystemVerilog/src/Control.sv Line: 5
Warning (10034): Output port "jump_en" at Control.sv(6) has no driver File: C:/Users/ruhu/Desktop/CSE141LTermProject/SystemVerilog/src/Control.sv Line: 6
Warning (10034): Output port "numBits" at Control.sv(6) has no driver File: C:/Users/ruhu/Desktop/CSE141LTermProject/SystemVerilog/src/Control.sv Line: 6
Warning (10034): Output port "doSWAP" at Control.sv(6) has no driver File: C:/Users/ruhu/Desktop/CSE141LTermProject/SystemVerilog/src/Control.sv Line: 6
Warning (10034): Output port "RegWrite" at Control.sv(6) has no driver File: C:/Users/ruhu/Desktop/CSE141LTermProject/SystemVerilog/src/Control.sv Line: 6
Warning (10034): Output port "MemWrite" at Control.sv(6) has no driver File: C:/Users/ruhu/Desktop/CSE141LTermProject/SystemVerilog/src/Control.sv Line: 6
Warning (10034): Output port "ALU_in2_ctr" at Control.sv(6) has no driver File: C:/Users/ruhu/Desktop/CSE141LTermProject/SystemVerilog/src/Control.sv Line: 6
Warning (10034): Output port "regfile_dat_ctr" at Control.sv(6) has no driver File: C:/Users/ruhu/Desktop/CSE141LTermProject/SystemVerilog/src/Control.sv Line: 6
Warning (10034): Output port "regfile_wr_ctr" at Control.sv(8) has no driver File: C:/Users/ruhu/Desktop/CSE141LTermProject/SystemVerilog/src/Control.sv Line: 8
Warning (12241): 2 hierarchies have connectivity warnings - see the Connectivity Checks report folder
Warning (13024): Output pins are stuck at VCC or GND
    Warning (13410): Pin "done" is stuck at GND File: C:/Users/ruhu/Desktop/CSE141LTermProject/SystemVerilog/src/top_level.sv Line: 4
Info (16010): Generating hard_block partition "hard_block:auto_generated_inst"
    Info (16011): Adding 0 node(s), including 0 DDIO, 0 PLL, 0 transceiver and 0 LCELL
Warning (21074): Design contains 3 input pin(s) that do not drive logic
    Warning (15610): No output dependent on input pin "clk" File: C:/Users/ruhu/Desktop/CSE141LTermProject/SystemVerilog/src/top_level.sv Line: 3
    Warning (15610): No output dependent on input pin "reset" File: C:/Users/ruhu/Desktop/CSE141LTermProject/SystemVerilog/src/top_level.sv Line: 3
    Warning (15610): No output dependent on input pin "req" File: C:/Users/ruhu/Desktop/CSE141LTermProject/SystemVerilog/src/top_level.sv Line: 3
Info (21057): Implemented 4 device resources after synthesis - the final resource count might be different
    Info (21058): Implemented 3 input pins
    Info (21059): Implemented 1 output pins
Info: Quartus Prime Analysis & Synthesis was successful. 0 errors, 32 warnings
    Info: Peak virtual memory: 4752 megabytes
    Info: Processing ended: Thu Mar  2 14:02:54 2023
    Info: Elapsed time: 00:00:11
    Info: Total CPU time (on all processors): 00:00:18


